\BOOKMARK [1][-]{section.1}{\376\377\000E\000i\000n\000l\000e\000i\000t\000u\000n\000g}{}% 1
\BOOKMARK [1][-]{section.2}{\376\377\000A\000u\000f\000g\000a\000b\000e\000n\000s\000t\000e\000l\000l\000u\000n\000g}{}% 2
\BOOKMARK [1][-]{section.3}{\376\377\000T\000h\000e\000o\000r\000e\000t\000i\000s\000c\000h\000e\000\040\000G\000r\000u\000n\000d\000l\000a\000g\000e\000n}{}% 3
\BOOKMARK [2][-]{subsection.3.1}{\376\377\000R\000o\000t\000a\000t\000i\000o\000n\000\040\000e\000i\000n\000e\000s\000\040\000z\000w\000e\000i\000a\000t\000o\000m\000i\000g\000e\000n\000\040\000M\000o\000l\000e\000k\000\374\000l\000s}{section.3}% 4
\BOOKMARK [2][-]{subsection.3.2}{\376\377\000S\000c\000h\000w\000i\000n\000g\000u\000n\000g\000\040\000e\000i\000n\000e\000s\000\040\000z\000w\000e\000i\000a\000t\000o\000m\000i\000g\000e\000n\000\040\000M\000o\000l\000e\000k\000\374\000l\000s}{section.3}% 5
\BOOKMARK [2][-]{subsection.3.3}{\376\377\000R\000o\000t\000a\000t\000i\000o\000n\000s\000-\000S\000c\000h\000w\000i\000n\000g\000u\000n\000g\000s\000s\000p\000e\000k\000t\000r\000e\000n}{section.3}% 6
\BOOKMARK [2][-]{subsection.3.4}{\376\377\000W\000e\000c\000h\000s\000e\000l\000w\000i\000r\000k\000u\000n\000g\000\040\000v\000o\000n\000\040\000R\000o\000t\000a\000t\000i\000o\000n\000\040\000u\000n\000d\000\040\000S\000c\000h\000w\000i\000n\000g\000u\000n\000g}{section.3}% 7
\BOOKMARK [2][-]{subsection.3.5}{\376\377\000I\000n\000t\000e\000n\000s\000i\000t\000\344\000t\000\040\000d\000e\000s\000\040\000S\000p\000e\000k\000t\000r\000u\000m\000s\000\040\000\050\000B\000j\000e\000r\000r\000u\000m\000'\000s\000c\000h\000e\000\040\000D\000o\000p\000p\000e\000l\000b\000a\000n\000d\000e\000\051}{section.3}% 8
\BOOKMARK [2][-]{subsection.3.6}{\376\377\000I\000n\000t\000e\000r\000f\000e\000r\000e\000n\000z\000m\000e\000t\000h\000o\000d\000e\000\040\000z\000u\000r\000\040\000S\000c\000h\000i\000c\000h\000t\000d\000i\000c\000k\000e\000n\000b\000e\000s\000t\000i\000m\000m\000u\000n\000g}{section.3}% 9
\BOOKMARK [2][-]{subsection.3.7}{\376\377\000F\000o\000u\000r\000i\000e\000r\000-\000T\000r\000a\000n\000s\000f\000o\000r\000m\000a\000t\000i\000o\000n\000s\000-\000I\000n\000f\000r\000a\000r\000o\000t\000-\000S\000p\000e\000k\000t\000r\000o\000s\000k\000o\000p\000i\000e}{section.3}% 10
\BOOKMARK [3][-]{subsubsection.3.7.1}{\376\377\000F\000u\000n\000k\000t\000i\000o\000n\000s\000w\000e\000i\000s\000e}{subsection.3.7}% 11
\BOOKMARK [3][-]{subsubsection.3.7.2}{\376\377\000D\000i\000s\000k\000r\000e\000t\000e\000\040\000F\000o\000u\000r\000i\000e\000r\000-\000T\000r\000a\000n\000s\000f\000o\000r\000m\000a\000t\000i\000o\000n\000,\000\040\000A\000u\000f\000l\000\366\000s\000u\000n\000g\000\040\000u\000n\000d\000\040\000Z\000e\000r\000o\000f\000i\000l\000l\000i\000n\000g}{subsection.3.7}% 12
\BOOKMARK [3][-]{subsubsection.3.7.3}{\376\377\000L\000e\000a\000k\000a\000g\000e\000-\000E\000f\000f\000e\000k\000t\000\040\000u\000n\000d\000\040\000A\000p\000o\000d\000i\000s\000a\000t\000i\000o\000n}{subsection.3.7}% 13
\BOOKMARK [1][-]{section.4}{\376\377\000V\000e\000r\000s\000u\000c\000h\000s\000a\000u\000f\000b\000a\000u}{}% 14
\BOOKMARK [1][-]{section.5}{\376\377\000A\000u\000s\000w\000e\000r\000t\000u\000n\000g}{}% 15
\BOOKMARK [2][-]{subsection.5.1}{\376\377\000K\000a\000l\000i\000b\000r\000i\000e\000r\000u\000n\000g\000\040\000d\000e\000r\000\040\000W\000e\000l\000l\000e\000n\000z\000a\000h\000l\000s\000k\000a\000l\000a\000\040\000\050\000A\000u\000f\000g\000a\000b\000e\000\040\0001\000.\0001\000\051}{section.5}% 16
\BOOKMARK [2][-]{subsection.5.2}{\376\377\000I\000n\000t\000e\000r\000f\000e\000r\000o\000g\000r\000a\000m\000m\000e\000,\000\040\000F\000o\000u\000r\000i\000e\000r\000-\000T\000r\000a\000n\000s\000f\000o\000r\000m\000a\000t\000i\000o\000n\000\040\000u\000n\000d\000\040\000A\000u\000f\000l\000\366\000s\000u\000n\000g\000\040\000\050\000A\000u\000f\000g\000a\000b\000e\000\040\0001\000.\0002\000\051}{section.5}% 17
\BOOKMARK [2][-]{subsection.5.3}{\376\377\000S\000p\000e\000r\000r\000v\000e\000r\000h\000a\000l\000t\000e\000n\000\040\000v\000o\000n\000\040\000G\000l\000a\000s\000-\000\040\000u\000n\000d\000\040\000N\000a\000C\000l\000-\000F\000i\000l\000t\000e\000r\000\040\000\050\000A\000u\000f\000g\000a\000b\000e\000\040\0001\000.\0003\000\051}{section.5}% 18
\BOOKMARK [2][-]{subsection.5.4}{\376\377\000S\000p\000a\000l\000t\000b\000r\000e\000i\000t\000e\000\040\000e\000i\000n\000e\000r\000\040\000K\000\374\000v\000e\000t\000t\000e\000\040\000\050\000A\000u\000f\000g\000a\000b\000e\000\040\0001\000.\0004\000\051}{section.5}% 19
\BOOKMARK [2][-]{subsection.5.5}{\376\377\000R\000o\000t\000a\000t\000i\000o\000n\000s\000-\000S\000c\000h\000w\000i\000n\000g\000u\000n\000g\000s\000s\000p\000e\000k\000t\000r\000u\000m\000\040\000v\000o\000n\000\040\000H\000C\000l\000\040\000\050\000A\000u\000f\000g\000a\000b\000e\000\040\0001\000.\0005\000\051}{section.5}% 20
\BOOKMARK [2][-]{subsection.5.6}{\376\377\000I\000n\000t\000e\000n\000s\000i\000t\000\344\000t\000s\000m\000o\000d\000e\000l\000l\000i\000e\000r\000u\000n\000g\000\040\000u\000n\000d\000\040\000T\000e\000m\000p\000e\000r\000a\000t\000u\000r\000b\000e\000s\000t\000i\000m\000m\000u\000n\000g\000\040\000\050\000A\000u\000f\000g\000a\000b\000e\000\040\0001\000.\0006\000\051}{section.5}% 21
\BOOKMARK [1][-]{section.6}{\376\377\000F\000a\000z\000i\000t}{}% 22
